Please specify one command of: curl, fetch, header, info, reset, test or web
